SKU ID,Account Number,Merchant,Amount Pulled,Amount Received,Sales Proceeds
4 HOLE EGG PAN-1288-636-92rxuDoq6U,8850633654198,ABC Sdn Bhd,1012.48,1012.48,1012.48
4 HOLE EGG PAN-1321-636-PqPXAM2wT4,8850633271107,ABC Sdn Bhd,540.00,540.00,495.00
BONE CUTTER-1288-636-6OgVz87R4i,8850633193181,ABC Sdn Bhd,0.00,0.00,0.00
BONE CUTTER-1288-636-JPfUhyxIxY,8850633248151,ABC Sdn Bhd,0.00,0.00,0.00
BONE CUTTER-1288-636-hXKMZMU5NF,8850633715110,ABC Sdn Bhd,532.12,532.12,501.38
BONE CUTTER-1321-636-mSntklb5Gp,8850633057133,ABC Sdn Bhd,361.46,361.46,361.46
BONE CUTTER-1321-636-tVtbOvkhEw,8850633570169,ABC Sdn Bhd,125.08,125.08,125.08
BONE CUTTER-1321-636-v38CpQUT0r,8850633664141,ABC Sdn Bhd,9.54,9.54,9.54
BREAKFAST MACHINE 3IN1-1288-636-mZOiXp9WOE,8850633964151,ABC Sdn Bhd,0.00,0.00,0.00
BREAKFAST MACHINE 3IN1-1321-636-3aPlzrVh5P,8850633759181,ABC Sdn Bhd,0.00,0.00,0.00
CAP-BLACK-1288-636-Z4OaNdF0NH,8850633635156,ABC Sdn Bhd,0.00,0.00,0.00
CAP-BLACK-1288-636-gLMKqs9wr0,8850633618105,ABC Sdn Bhd,10.35,10.35,10.35
CAP-BLACK-1321-636-1oHPl9x5W3,8850633828177,ABC Sdn Bhd,10.12,10.12,10.12
CAP-BLACK-1321-636-EvoXgsvg6I,8850633819186,ABC Sdn Bhd,0.00,0.00,0.00
CAP-DARK BLUE-1288-636-VJWvAMFDRm,8850633100194,ABC Sdn Bhd,16.20,16.20,16.20
CAP-DARK BLUE-1288-636-yFxdprJd2x,8850633458188,ABC Sdn Bhd,0.00,0.00,0.00
CAP-DARK BLUE-1321-636-OES676kmVO,8850633022145,ABC Sdn Bhd,14.26,14.26,14.26
CAP-DARK BLUE-1321-636-iMdTcSuo7z,8850633130134,ABC Sdn Bhd,0.00,0.00,0.00
CAP-GREEN-1288-636-SvUAar3duL,8850633753125,ABC Sdn Bhd,23.40,23.40,23.40
CAP-GREEN-1288-636-zCJLppvSNh,8850633622146,ABC Sdn Bhd,4.50,4.50,4.50
CAP-GREEN-1321-636-hDjEqOjvtA,8850633041135,ABC Sdn Bhd,0.92,0.92,0.92
CAP-GREEN-1321-636-iQz0lyhpPY,8850633654116,ABC Sdn Bhd,0.00,0.00,0.00
CAP-LIGHT BLUE-1288-636-2morbfeVDn,8850633194172,ABC Sdn Bhd,0.45,0.45,0.45
CAP-LIGHT BLUE-1288-636-5OONavizH6,8850633693165,ABC Sdn Bhd,0.00,0.00,0.00
CAP-LIGHT BLUE-1321-636-Cm9RsaaCzd,8850633520126,ABC Sdn Bhd,0.00,0.00,0.00
CAP-LIGHT BLUE-1321-636-cUvpRGnftc,8850633530136,ABC Sdn Bhd,0.46,0.46,0.46
CAP-NAVY BLUE-1288-636-iR9Ho6U8Cw,8850633860180,ABC Sdn Bhd,0.00,0.00,0.00
CAP-NAVY BLUE-1288-636-jh8AuMcipr,8850633978115,ABC Sdn Bhd,0.00,0.00,0.00
CAP-NAVY BLUE-1321-636-ZQtRQG8pnE,8850633207106,ABC Sdn Bhd,0.00,0.00,0.00
CAP-NAVY BLUE-1321-636-luLIqUIxPC,8850633396189,ABC Sdn Bhd,0.00,0.00,0.00
CAP-ORANGE-1288-636-4nIbPmpMYm,8850633676176,ABC Sdn Bhd,0.00,0.00,0.00
CAP-ORANGE-1288-636-x8eMwQ2xCu,8850633750126,ABC Sdn Bhd,0.00,0.00,0.00
CAP-ORANGE-1321-636-ibg3nsldV8,8850633304164,ABC Sdn Bhd,0.00,0.00,0.00
CAP-ORANGE-1321-636-qbrVSqShAP,8850633895142,ABC Sdn Bhd,0.00,0.00,0.00
CAP-RED-1288-636-RwVusnGipk,8850633244126,ABC Sdn Bhd,0.00,0.00,0.00
CAP-RED-1288-636-m3Tj5l2gTt,8850633321196,ABC Sdn Bhd,0.00,0.00,0.00
CAP-RED-1321-636-PH7AZv1GvJ,8850633087143,ABC Sdn Bhd,7.82,7.82,7.82
CAP-RED-1321-636-cLuvpiTc8z,8850633120132,ABC Sdn Bhd,0.00,0.00,0.00
CAP-WHITE-1288-636-YWfoG6Kiw9,8850633013195,ABC Sdn Bhd,0.00,0.00,0.00
CAP-WHITE-1288-636-ka0c90ReLA,8850633921155,ABC Sdn Bhd,9.90,9.90,9.90
CAP-WHITE-1321-636-Kq9PC2S9VG,8850633080167,ABC Sdn Bhd,0.00,0.00,0.00
CAP-WHITE-1321-636-oYCKWKZNw5,8850633586163,ABC Sdn Bhd,7.36,7.36,7.36
CAP-YELLOW-1288-636-PjQHJ3UFsf,8850633824131,ABC Sdn Bhd,0.00,0.00,0.00
CAP-YELLOW-1288-636-vP36hSxu6B,8850633283178,ABC Sdn Bhd,18.90,18.90,9.45
CAP-YELLOW-1321-636-4SfJgQE0WY,8850633499128,ABC Sdn Bhd,6.90,6.90,6.90
CAP-YELLOW-1321-636-LdSfA2PIGc,8850633482122,ABC Sdn Bhd,0.00,0.00,0.00
CAR BATTERY CHARGER-500A-1288-636-etctG413Fk,8850633452194,ABC Sdn Bhd,61.20,61.20,34.00
CAR BATTERY CHARGER-500A-1321-636-5BHwhnT7eD,8850633203158,ABC Sdn Bhd,6.84,6.84,6.84
CHOPPING BOARD 20*30-S-1288-636-K6L6npbfSf,8850633993134,ABC Sdn Bhd,0.00,0.00,0.00
CHOPPING BOARD 20*30-S-1321-636-lnCc4nT28t,8850633383193,ABC Sdn Bhd,0.00,0.00,0.00
CHOPPING BOARD 24*34-M-1288-636-d196Edh5xG,8850633301180,ABC Sdn Bhd,0.00,0.00,0.00
CHOPPING BOARD 24*34-M-1321-636-RmlJqSJ22d,8850633520113,ABC Sdn Bhd,0.00,0.00,0.00
CHOPPING BOARD 30*40-L-1288-636-ER6FMOj4md,8850633729120,ABC Sdn Bhd,117.44,117.44,117.44
CHOPPING BOARD 30*40-L-1321-636-4xWhKNT65i,8850633119103,ABC Sdn Bhd,33.21,33.21,33.21
CHOPPING BOARD 35*50-XL-1288-636-K0eff7VKs7,8850633333150,ABC Sdn Bhd,71.54,71.54,40.88
CHOPPING BOARD 35*50-XL-1321-636-mkHFTBAhpQ,8850633478196,ABC Sdn Bhd,0.00,0.00,0.00
CORDLESS 8INCH FAN-1BATT-1288-636-oSvJzAtrdy,8850633944103,ABC Sdn Bhd,0.00,0.00,0.00
CORDLESS 8INCH FAN-1BATT-1288-636-vshcfTPOTT,8850633963178,ABC Sdn Bhd,0.00,0.00,0.00
CORDLESS 8INCH FAN-1BATT-1321-636-J4oHS7kHsi,8850633162154,ABC Sdn Bhd,38.49,38.49,12.83
CORDLESS 8INCH FAN-1BATT-1321-636-m6CzvQM8g2,8850633964135,ABC Sdn Bhd,0.00,0.00,0.00
CORDLESS ELECTRIC GRASS CUTTER-+1BATTERY-1288-636-5hNPJfqBfl,8850633592142,ABC Sdn Bhd,15.38,15.38,15.38
CORDLESS ELECTRIC GRASS CUTTER-+1BATTERY-1288-636-KZJox7qMY7,8850633856179,ABC Sdn Bhd,0.00,0.00,0.00
CORDLESS ELECTRIC GRASS CUTTER-+1BATTERY-1321-636-fxwqkDqZlD,8850633100181,ABC Sdn Bhd,0.00,0.00,0.00
CORDLESS ELECTRIC GRASS CUTTER-+1BATTERY-1321-636-tywpAxI6ii,8850633591190,ABC Sdn Bhd,0.00,0.00,0.00
CORDLESS ELECTRIC GRASS CUTTER-+2BATTERY-1288-636-bmiZS4GylL,8850633197116,ABC Sdn Bhd,36.80,36.80,36.80
CORDLESS ELECTRIC GRASS CUTTER-+2BATTERY-1288-636-eLMV7YTPNR,8850633906156,ABC Sdn Bhd,0.00,0.00,0.00
CORDLESS ELECTRIC GRASS CUTTER-+2BATTERY-1321-636-17L4SbR06b,8850633840129,ABC Sdn Bhd,0.00,0.00,0.00
CORDLESS ELECTRIC GRASS CUTTER-+2BATTERY-1321-636-hGx7lSBCnR,8850633995126,ABC Sdn Bhd,0.00,0.00,0.00
CORDLESS MINI CHAINSAW-4INCH-1BATT-1288-636-f6yiMdeQvI,8850633083150,ABC Sdn Bhd,12.39,12.39,12.39
CORDLESS MINI CHAINSAW-4INCH-1BATT-1321-636-9ZjmQyZ2xv,8850633111124,ABC Sdn Bhd,0.00,0.00,0.00
CORDLESS MINI CHAINSAW-4INCH-2BATT-1288-636-yFtUcSwJnD,8850633756126,ABC Sdn Bhd,0.00,0.00,0.00
CORDLESS MINI CHAINSAW-4INCH-2BATT-1321-636-loTJJp7Dzk,8850633492188,ABC Sdn Bhd,32.22,32.22,32.22
CORDLESS MINI CHAINSAW-6INCH-1BATT-1288-636-Ci4AyiSmnU,8850633413168,ABC Sdn Bhd,13.60,13.60,0.00
CORDLESS MINI CHAINSAW-6INCH-1BATT-1321-636-uE1Pr95ec9,8850633442196,ABC Sdn Bhd,54.72,54.72,54.72
CORDLESS MINI CHAINSAW-6INCH-2BATT-1288-636-8jZ9VJlWgp,8850633805168,ABC Sdn Bhd,16.92,16.92,16.92
CORDLESS MINI CHAINSAW-6INCH-2BATT-1321-636-ehE71vpQW7,8850633952162,ABC Sdn Bhd,17.02,17.02,17.02
CORDLESS STORM TURBO FAN-1288-636-wQlsw1rzE3,8850633535161,ABC Sdn Bhd,77.36,77.36,77.36
CORDLESS STORM TURBO FAN-1321-636-opqvQcsOn8,8850633125151,ABC Sdn Bhd,0.00,0.00,0.00
EGG BEATER-BLACK-1288-636-SxO4suL2z7,8850633603124,ABC Sdn Bhd,69.46,67.95,61.91
EGG BEATER-BLACK-1321-636-oUw4Jd1Ug2,8850633335164,ABC Sdn Bhd,9.12,9.12,9.12
EGG BEATER-WHITE-1288-636-FITYXn2rAT,8850633516143,ABC Sdn Bhd,54.36,54.36,51.34
EGG BEATER-WHITE-1321-636-YfD9k1RvA4,8850633399192,ABC Sdn Bhd,3.04,3.04,3.04
EGG BOILER-1288-636-6RB2P8pMym,8850633264125,ABC Sdn Bhd,0.00,0.00,0.00
EGG BOILER-1288-636-aw00fH3siK,8850633689197,ABC Sdn Bhd,83.04,83.04,83.04
EGG BOILER-1321-636-8VSDFkRSHZ,8850633347118,ABC Sdn Bhd,0.00,0.00,0.00
EGG BOILER-1321-636-F8KfDSRhy2,8850633104174,ABC Sdn Bhd,0.00,0.00,0.00
EGG HOLDER SCROLLING-1288-636-i05hkbsdjH,8850633091156,ABC Sdn Bhd,3.02,3.02,3.02
EGG HOLDER SCROLLING-1321-636-U3WFSyvnH2,8850633653170,ABC Sdn Bhd,4.56,4.56,3.04
EGG PAN-1288-636-ztYvFPwv62,8850633147168,ABC Sdn Bhd,22.05,22.05,22.05
EGG PAN-1321-636-wT5l7kGHGi,8850633802167,ABC Sdn Bhd,14.80,14.80,13.32
ELECTRIC CHAIN SAW 16INCH-1288-636-MA4XXKoOJy,8850633687112,ABC Sdn Bhd,29.85,29.85,0.00
ELECTRIC CHAIN SAW 16INCH-1288-636-gvHjChtpEd,8850633023119,ABC Sdn Bhd,0.00,0.00,0.00
ELECTRIC CHAIN SAW 16INCH-1321-636-F0KtHIHeCv,8850633661109,ABC Sdn Bhd,0.00,0.00,0.00
ELECTRIC CHAIN SAW 16INCH-1321-636-uOT6LgVv7K,8850633595140,ABC Sdn Bhd,0.00,0.00,0.00
ELECTRIC HAMMER DRILL-1288-636-LIUAaOBIOs,8850633545123,ABC Sdn Bhd,0.00,0.00,0.00
ELECTRIC HAMMER DRILL-1321-636-qAQd4QoX1F,8850633255191,ABC Sdn Bhd,0.00,0.00,0.00
ELECTRIC KETTLE 6.8L-1288-636-yoSDngKxZ3,8850633652165,ABC Sdn Bhd,162.89,162.89,162.89
ELECTRIC KETTLE 6.8L-1321-636-5egi3COLPq,8850633410108,ABC Sdn Bhd,187.28,187.28,187.28
ELECTRIC MEAT GRINDER 2L-1288-636-NUShMpvmsG,8850633882180,ABC Sdn Bhd,41.23,41.23,41.23
ELECTRIC MEAT GRINDER 2L-1321-636-oPx3PWFvha,8850633942178,ABC Sdn Bhd,23.72,23.72,23.72
FOLDABLE SOLAR CAMPING LIGHT-1288-636-mlIIM0qDMb,8850633735124,ABC Sdn Bhd,0.00,0.00,0.00
FOLDABLE SOLAR CAMPING LIGHT-1288-636-pUtUIbsrs1,8850633954114,ABC Sdn Bhd,0.00,0.00,0.00
FOLDABLE SOLAR CAMPING LIGHT-1321-636-6nNyewYBQh,8850633599152,ABC Sdn Bhd,0.00,0.00,0.00
FOLDABLE SOLAR CAMPING LIGHT-1321-636-hQEq1Cws5K,8850633471139,ABC Sdn Bhd,0.00,0.00,0.00
GASOLINE AIR BLOWER-1288-636-tLrTbQckdu,8850633948111,ABC Sdn Bhd,225.86,225.86,112.93
GASOLINE AIR BLOWER-1288-636-z14K9jsN39,8850633300155,ABC Sdn Bhd,0.00,0.00,0.00
GASOLINE AIR BLOWER-1321-636-CdmJ1E6yeb,8850633314104,ABC Sdn Bhd,0.00,0.00,0.00
GASOLINE AIR BLOWER-1321-636-tLkkbHDfhT,8850633496117,ABC Sdn Bhd,0.00,0.00,0.00
HAIR STYLING DRYER 4IN1-1288-636-OiEJp2AaTm,8850633406137,ABC Sdn Bhd,164.92,164.92,138.32
HAIR STYLING DRYER 4IN1-1321-636-xAL0SAOZeo,8850633630177,ABC Sdn Bhd,144.45,144.45,96.30
HAND MIXER-1288-636-8gkhGUHzcf,8850633643155,ABC Sdn Bhd,0.00,0.00,0.00
HAND MIXER-1288-636-9fVY6pBLUO,8850633188158,ABC Sdn Bhd,0.00,0.00,0.00
HAND MIXER-1288-636-HwErrz0fzw,8850633486134,ABC Sdn Bhd,482.87,482.87,482.87
HAND MIXER-1288-636-LaWkWfDxrT,8850633733118,ABC Sdn Bhd,16.92,16.92,0.00
HAND MIXER-1288-636-XutUo0agJn,8850633698159,ABC Sdn Bhd,0.00,0.00,0.00
HAND MIXER-1321-636-0beKKhhZY0,8850633524138,ABC Sdn Bhd,0.00,0.00,0.00
HAND MIXER-1321-636-JruiMVaDXZ,8850633981143,ABC Sdn Bhd,0.00,0.00,0.00
HAND MIXER-1321-636-Z7pZMfM0Id,8850633642141,ABC Sdn Bhd,0.00,0.00,0.00
HAND MIXER-1321-636-ga7S0QOGGU,8850633884103,ABC Sdn Bhd,127.50,127.50,127.50
HAND MIXER-1321-636-h0OZL78hpL,8850633894160,ABC Sdn Bhd,213.60,213.60,164.65
IRON-WHITE-1288-636-oDrBGgTITv,8850633668117,ABC Sdn Bhd,162.11,162.11,156.52
IRON-WHITE-1321-636-jZHnQvLflN,8850633145177,ABC Sdn Bhd,252.90,252.90,252.90
JUICE BLENDED-2CUP-6BLADE BLUE-1288-636-ZIY1FC8DI2,8850633635127,ABC Sdn Bhd,0.00,0.00,0.00
JUICE BLENDED-2CUP-6BLADE BLUE-1288-636-zXxokHRyyO,8850633751170,ABC Sdn Bhd,22.65,22.65,22.65
JUICE BLENDED-2CUP-6BLADE BLUE-1321-636-bcgFY07UVm,8850633660104,ABC Sdn Bhd,0.00,0.00,0.00
JUICE BLENDED-2CUP-6BLADE BLUE-1321-636-jd5IHb3J5g,8850633149125,ABC Sdn Bhd,22.80,22.80,22.80
JUICE BLENDED-2CUP-6BLADE PINK-1288-636-QgqTVQFWyk,8850633067139,ABC Sdn Bhd,4.53,4.53,4.53
JUICE BLENDED-2CUP-6BLADE PINK-1288-636-uRFxYrjOn8,8850633218166,ABC Sdn Bhd,4.53,4.53,4.53
JUICE BLENDED-2CUP-6BLADE PINK-1321-636-1g32jFDaQE,8850633511120,ABC Sdn Bhd,0.00,0.00,0.00
JUICE BLENDED-2CUP-6BLADE PINK-1321-636-z2XZQLqGU3,8850633073140,ABC Sdn Bhd,13.68,13.68,13.68
JUICE BLENDED-6BLADE BLUE-1288-636-JXXeEd6X9h,8850633299158,ABC Sdn Bhd,15.10,15.10,15.10
JUICE BLENDED-6BLADE BLUE-1288-636-Xq9ijxZQ7i,8850633311181,ABC Sdn Bhd,226.50,226.50,226.50
JUICE BLENDED-6BLADE BLUE-1321-636-BnvAeOlGwg,8850633201141,ABC Sdn Bhd,94.24,94.24,94.24
JUICE BLENDED-6BLADE BLUE-1321-636-JIC0WQ3dC5,8850633296188,ABC Sdn Bhd,88.16,88.16,88.16
JUICE BLENDED-6BLADE PINK-1288-636-RgAyZxMO7P,8850633008176,ABC Sdn Bhd,0.00,0.00,0.00
JUICE BLENDED-6BLADE PINK-1288-636-gYq1wDk1vi,8850633478175,ABC Sdn Bhd,235.56,235.56,232.54
JUICE BLENDED-6BLADE PINK-1321-636-Wv3pmTlv2C,8850633689150,ABC Sdn Bhd,3.04,3.04,3.04
JUICE BLENDED-6BLADE PINK-1321-636-l5ZZvibEDo,8850633596156,ABC Sdn Bhd,139.84,139.84,139.84
KITCHEN KNIFE SET 6IN1-1288-636-zlJ8Pj1u6I,8850633587103,ABC Sdn Bhd,327.81,327.81,173.46
KITCHEN KNIFE SET 6IN1-1321-636-ULmpkQBwHM,8850633109158,ABC Sdn Bhd,79.92,79.92,71.04
KITCHEN KNIFE-1288-636-DGwiivcQOV,8850633035116,ABC Sdn Bhd,360.90,360.90,360.90
KITCHEN KNIFE-1321-636-twSa20v4lO,8850633555154,ABC Sdn Bhd,0.00,0.00,0.00
KITCHEN SCALE-1288-636-HkN2Rw5553,8850633476161,ABC Sdn Bhd,0.00,0.00,0.00
KITCHEN SCALE-1288-636-dnp4WLYhZ4,8850633129150,ABC Sdn Bhd,401.80,401.80,243.95
KITCHEN SCALE-1321-636-eqCijk7TDx,8850633394108,ABC Sdn Bhd,260.82,260.82,260.82
KITCHEN SCALE-1321-636-xabQZfKacY,8850633181191,ABC Sdn Bhd,0.00,0.00,0.00
KITCHEN WIPES 80PCS-1288-636-7yXAnTIbJu,8850633323193,ABC Sdn Bhd,52.92,52.92,17.64
KITCHEN WIPES 80PCS-1288-636-hTQ5D1zWqA,8850633605161,ABC Sdn Bhd,7.56,7.56,7.56
KITCHEN WIPES 80PCS-1321-636-6QppADChY3,8850633858109,ABC Sdn Bhd,20.48,20.48,20.48
KITCHEN WIPES 80PCS-1321-636-q5QoS58on5,8850633762142,ABC Sdn Bhd,0.00,0.00,0.00
KNIFE SHARPENER-1288-636-7ndvcDeyD5,8850633592165,ABC Sdn Bhd,52.14,52.14,32.34
KNIFE SHARPENER-1321-636-FJv776g2BI,8850633861172,ABC Sdn Bhd,30.82,30.82,28.14
LED LIGHT TUBE-17CM-1288-636-ncaWg9vmiR,8850633941105,ABC Sdn Bhd,0.00,0.00,0.00
LED LIGHT TUBE-17CM-1321-636-Qs8E3LnX92,8850633253171,ABC Sdn Bhd,0.00,0.00,0.00
LED LIGHT TUBE-32CM-1288-636-18dZMkvuCr,8850633230161,ABC Sdn Bhd,0.00,0.00,0.00
LED LIGHT TUBE-32CM-1321-636-P8dvLxup1B,8850633804131,ABC Sdn Bhd,2.56,2.56,2.56
LED LIGHT TUBE-52CM-1288-636-yEZQUPmKRO,8850633611189,ABC Sdn Bhd,0.00,0.00,0.00
LED LIGHT TUBE-52CM-1321-636-gi5RCDaCrj,8850633396149,ABC Sdn Bhd,3.26,3.26,3.26
LED LIGHT TUBE-70CM-1288-636-AUhLgFD2iE,8850633247133,ABC Sdn Bhd,0.00,0.00,0.00
LED LIGHT TUBE-70CM-1321-636-HpSOVmM6Lp,8850633812170,ABC Sdn Bhd,0.00,0.00,0.00
MAGIC MOP-110CM-1288-636-dkahqaxbVb,8850633557140,ABC Sdn Bhd,2.11,2.11,2.11
MAGIC MOP-110CM-1321-636-g522MvmklI,8850633216195,ABC Sdn Bhd,0.00,0.00,0.00
MAGIC MOP-120CM-1288-636-c1bOKcdHIH,8850633774182,ABC Sdn Bhd,19.28,19.28,19.28
MAGIC MOP-120CM-1321-636-suy0ZTrZqS,8850633659115,ABC Sdn Bhd,7.29,7.29,4.86
MINI FAN M11-GREY-1288-636-VVXiR9XOou,8850633467151,ABC Sdn Bhd,7.23,7.23,7.23
MINI FAN M11-GREY-1288-636-Xj1nlrxfek,8850633757150,ABC Sdn Bhd,2.41,2.41,2.41
MINI FAN M11-GREY-1321-636-KIfVSdo2Ki,8850633999101,ABC Sdn Bhd,0.00,0.00,0.00
MINI FAN M11-GREY-1321-636-ORoTYwSBce,8850633499181,ABC Sdn Bhd,0.00,0.00,0.00
MINI FAN M11-WHITE-1288-636-uIvEJylLkT,8850633923115,ABC Sdn Bhd,4.82,4.82,4.82
MINI FAN M11-WHITE-1288-636-xBeb76wczw,8850633425197,ABC Sdn Bhd,4.82,4.82,4.82
MINI FAN M11-WHITE-1321-636-GZx82rA5FM,8850633063132,ABC Sdn Bhd,14.58,14.58,14.58
MINI FAN M11-WHITE-1321-636-UH42W0EKmJ,8850633124145,ABC Sdn Bhd,17.01,17.01,17.01
MINI FRIDGE-16L-1288-636-42pcKDOmEB,8850633656150,ABC Sdn Bhd,0.00,0.00,0.00
MINI FRIDGE-16L-1288-636-Y88REeLR7Z,8850633481127,ABC Sdn Bhd,47.75,47.75,47.75
MINI FRIDGE-16L-1321-636-3tNC4200hK,8850633257122,ABC Sdn Bhd,0.00,0.00,0.00
MINI FRIDGE-16L-1321-636-QqffUbPT4b,8850633138183,ABC Sdn Bhd,0.00,0.00,0.00
MINI FRIDGE-25L-1288-636-R0aQ2U9e7w,8850633376121,ABC Sdn Bhd,0.00,0.00,0.00
MINI FRIDGE-25L-1288-636-bdhhEk84Dr,8850633358154,ABC Sdn Bhd,114.24,114.24,114.24
MINI FRIDGE-25L-1321-636-niLLvxYwRp,8850633960102,ABC Sdn Bhd,57.46,57.46,57.46
MINI FRIDGE-25L-1321-636-s7OiVNg82h,8850633450106,ABC Sdn Bhd,0.00,0.00,0.00
MINI FRIDGE-8L-1288-636-1WUAqHuiVt,8850633557110,ABC Sdn Bhd,32.03,32.03,32.03
MINI FRIDGE-8L-1321-636-IFTrOAJ6zT,8850633550197,ABC Sdn Bhd,0.00,0.00,0.00
MINI IRON-1288-636-E1nNRvlUP7,8850633382182,ABC Sdn Bhd,0.00,0.00,0.00
MINI IRON-1288-636-MsCoJDgbyY,8850633910107,ABC Sdn Bhd,0.00,0.00,0.00
MINI IRON-1288-636-fe2mWI5Q30,8850633375190,ABC Sdn Bhd,279.03,279.03,279.03
MINI IRON-1321-636-Y6d8z5lIQq,8850633977155,ABC Sdn Bhd,240.95,240.95,229.10
MINI IRON-1321-636-d2EBin4BcQ,8850633221194,ABC Sdn Bhd,0.00,0.00,0.00
MINI IRON-1321-636-mpfkgxVgNj,8850633932195,ABC Sdn Bhd,3.95,3.95,3.95
MOSQUITO RACKET-1288-636-ae4EPESILS,8850633988120,ABC Sdn Bhd,3.17,3.17,3.17
MOSQUITO RACKET-1321-636-rKMyitbn2A,8850633215146,ABC Sdn Bhd,47.85,47.85,47.85
MULTI COOKER POT WITH STEAMER-1288-636-cmUrCmOmpM,8850633783135,ABC Sdn Bhd,115.08,115.08,110.97
MULTI COOKER POT WITH STEAMER-1321-636-03F3hXkdvB,8850633575140,ABC Sdn Bhd,123.90,123.90,123.90
MULTI COOKER POT-1288-636-cGfVMjDRT3,8850633931182,ABC Sdn Bhd,37.50,37.50,37.50
MULTI COOKER POT-1321-636-gSmv2jlacm,8850633473156,ABC Sdn Bhd,75.40,75.40,75.40
MULTIFUNCTION COOKER STEAMER-3L-1288-636-DEhZxKboCO,8850633725189,ABC Sdn Bhd,0.00,0.00,0.00
MULTIFUNCTION COOKER STEAMER-3L-1321-636-r8YWv8PfFK,8850633663181,ABC Sdn Bhd,0.00,0.00,0.00
MULTIFUNCTION COOKER STEAMER-4L-1288-636-sj0u6ykJTB,8850633267171,ABC Sdn Bhd,0.00,0.00,0.00
MULTIFUNCTION COOKER STEAMER-4L-1321-636-BcCFs78oat,8850633908119,ABC Sdn Bhd,0.00,0.00,0.00
MULTIFUNCTION COOKER STEAMER-5L-1288-636-jU32uJxYmC,8850633767104,ABC Sdn Bhd,0.00,0.00,0.00
MULTIFUNCTION COOKER STEAMER-5L-1321-636-WULlL0blur,8850633090189,ABC Sdn Bhd,0.00,0.00,0.00
NAIL CLIPPER SET-7PCS-1288-636-vK9HjWam9a,8850633987182,ABC Sdn Bhd,19.76,19.76,19.76
NAIL CLIPPER SET-7PCS-1321-636-ntXWOwyu1P,8850633977145,ABC Sdn Bhd,2.28,2.28,2.28
NON-STICK GRILL PAN-24CM-1288-636-4fM9uHS9G5,8850633690189,ABC Sdn Bhd,178.92,178.92,110.76
NON-STICK GRILL PAN-24CM-1321-636-wAfEmS8Z0i,8850633553180,ABC Sdn Bhd,0.00,0.00,0.00
NON-STICK GRILL PAN-28CM-1288-636-rhQaInvQ8u,8850633581164,ABC Sdn Bhd,396.09,330.89,210.27
NON-STICK GRILL PAN-28CM-1321-636-7UbL2DibQt,8850633539164,ABC Sdn Bhd,578.92,578.92,452.64
NON-STICK GRILL PAN-30CM-1288-636-d7igw7vTBR,8850633599142,ABC Sdn Bhd,385.92,385.92,330.24
NON-STICK GRILL PAN-30CM-1321-636-1JSqnqvdy8,8850633388109,ABC Sdn Bhd,416.88,409.16,370.56
NON-STICK GRILL PAN-32CM-1288-636-bmSO3h2ySo,8850633357188,ABC Sdn Bhd,571.32,571.32,362.25
NON-STICK GRILL PAN-32CM-1321-636-wDEpIitZ69,8850633014106,ABC Sdn Bhd,280.80,280.80,280.80
NON-STICK GRILL PAN-34CM-1288-636-3pOzYDZpWm,8850633181113,ABC Sdn Bhd,398.40,398.40,307.20
NON-STICK GRILL PAN-34CM-1321-636-PiVkvSwBSs,8850633730126,ABC Sdn Bhd,242.00,242.00,237.16
NON-STICK GRILL PAN-36CM-1288-636-XYLTbu2dyX,8850633335111,ABC Sdn Bhd,518.70,518.70,511.29
NON-STICK GRILL PAN-36CM-1321-636-I6P9hCHicu,8850633575176,ABC Sdn Bhd,443.92,443.92,443.92
NON-STICK GRILL PAN-38CM-1288-636-vr79HhR4Vn,8850633575168,ABC Sdn Bhd,2072.76,2072.76,1749.84
NON-STICK GRILL PAN-38CM-1321-636-ZcvjZOY6mB,8850633767118,ABC Sdn Bhd,1734.72,1734.72,1734.72
NOODLE MAKER MACHINE-1288-636-LB3bp5GE6f,8850633057140,ABC Sdn Bhd,0.00,0.00,0.00
NOODLE MAKER MACHINE-1321-636-kUBAEQKUcV,8850633313149,ABC Sdn Bhd,0.00,0.00,0.00
OIL DISPENSER 630ML-1288-636-i3apcZbCpa,8850633684120,ABC Sdn Bhd,12.60,12.60,12.60
OIL DISPENSER 630ML-1321-636-Hl15fcx8Mf,8850633984164,ABC Sdn Bhd,6.37,6.37,6.37
OIL POT 1.4L-1288-636-A2Cz32szKK,8850633485102,ABC Sdn Bhd,178.50,178.50,96.60
OIL POT 1.4L-1321-636-kt6OKTzpB3,8850633867147,ABC Sdn Bhd,50.64,50.64,50.64
OIL POT 1.9L-1288-636-97UMX3oplr,8850633872191,ABC Sdn Bhd,60.40,60.40,57.38
OIL POT 1.9L-1321-636-daO0gVMSOz,8850633672172,ABC Sdn Bhd,24.32,24.32,24.32
OIL POT 1L-1288-636-66wWksD2rD,8850633370112,ABC Sdn Bhd,65.34,65.34,41.58
OIL POT 1L-1321-636-IIultMPfMZ,8850633640123,ABC Sdn Bhd,15.92,15.92,15.92
PORTABLE BBQ-36CM-1288-636-4FLJe4xNxL,8850633053160,ABC Sdn Bhd,54.16,54.16,54.16
PORTABLE BBQ-36CM-1321-636-iOU3ihoJTH,8850633923100,ABC Sdn Bhd,0.00,0.00,0.00
PORTABLE BBQ-60CM-1288-636-KjQwrSmXAn,8850633155179,ABC Sdn Bhd,652.80,652.80,408.00
PORTABLE BBQ-60CM-1321-636-Ktm3VwXoBV,8850633849131,ABC Sdn Bhd,360.80,360.80,360.80
ROBOT VACUUM-BLACK-1288-636-SgnUDkTqWh,8850633691102,ABC Sdn Bhd,24.36,24.36,24.36
ROBOT VACUUM-BLACK-1288-636-owojjPXNiX,8850633150109,ABC Sdn Bhd,52.20,52.20,52.20
ROBOT VACUUM-BLACK-1288-636-qdIqed9fAh,8850633228148,ABC Sdn Bhd,0.00,0.00,0.00
ROBOT VACUUM-BLACK-1321-636-JTbo5Be9js,8850633415178,ABC Sdn Bhd,45.50,45.50,45.50
ROBOT VACUUM-BLACK-1321-636-Um5T2QzPHx,8850633186170,ABC Sdn Bhd,31.50,31.50,31.50
ROBOT VACUUM-BLACK-1321-636-rKDZj7nu8R,8850633790136,ABC Sdn Bhd,0.00,0.00,0.00
ROBOT VACUUM-WHITE-1288-636-9mliLS2sHF,8850633950120,ABC Sdn Bhd,0.00,0.00,0.00
ROBOT VACUUM-WHITE-1288-636-a3IDXcKUS1,8850633189163,ABC Sdn Bhd,10.44,10.44,10.44
ROBOT VACUUM-WHITE-1288-636-cbDE6iMMQg,8850633204105,ABC Sdn Bhd,6.96,6.96,6.96
ROBOT VACUUM-WHITE-1321-636-1EeDdjTClp,8850633155197,ABC Sdn Bhd,0.00,0.00,0.00
ROBOT VACUUM-WHITE-1321-636-BYtdsB4T2F,8850633678149,ABC Sdn Bhd,10.50,10.50,10.50
ROBOT VACUUM-WHITE-1321-636-kF0KWiFHMQ,8850633705100,ABC Sdn Bhd,0.00,0.00,0.00
RUBBISH PICKUP TOOL-92CM-1288-636-euYhkIEypx,8850633310159,ABC Sdn Bhd,9.05,9.05,9.05
RUBBISH PICKUP TOOL-92CM-1321-636-nrWtR6ZHub,8850633495143,ABC Sdn Bhd,3.64,3.64,3.64
SCRATCH MOP-1288-636-hHlAUe0SJc,8850633253124,ABC Sdn Bhd,31.71,31.71,31.71
SCRATCH MOP-1321-636-kZhwhtyZxu,8850633673103,ABC Sdn Bhd,36.48,36.48,36.48
SCREWDRIVER SET 115IN1-1288-636-rOk4hpkPk8,8850633672120,ABC Sdn Bhd,0.00,0.00,0.00
SCREWDRIVER SET 115IN1-1288-636-uCbc72TbUh,8850633626144,ABC Sdn Bhd,83.00,83.00,83.00
SCREWDRIVER SET 115IN1-1321-636-Lq6DsYgJI6,8850633920187,ABC Sdn Bhd,0.00,0.00,0.00
SCREWDRIVER SET 115IN1-1321-636-gIHqPQWBgz,8850633419186,ABC Sdn Bhd,53.44,53.44,53.44
SEWING MACHINE-1288-636-9iSa8p3n1P,8850633079157,ABC Sdn Bhd,35.66,35.66,35.66
SEWING MACHINE-1288-636-TRDj9d0IQa,8850633433187,ABC Sdn Bhd,0.00,0.00,0.00
SEWING MACHINE-1321-636-JyrqufMhIL,8850633382199,ABC Sdn Bhd,0.00,0.00,0.00
SEWING MACHINE-1321-636-biMV29kcx8,8850633363132,ABC Sdn Bhd,0.00,0.00,0.00
SPEEDY CHOPPER-500ML-BLUE-1288-636-shjXw4U40Y,8850633626191,ABC Sdn Bhd,1.99,1.99,1.99
SPEEDY CHOPPER-500ML-BLUE-1321-636-50Dqr6Xrn9,8850633797135,ABC Sdn Bhd,0.00,0.00,0.00
SPEEDY CHOPPER-500ML-PINK-1288-636-f91ao0rKQP,8850633630145,ABC Sdn Bhd,15.92,15.92,13.93
SPEEDY CHOPPER-500ML-PINK-1321-636-8grzr6R3bk,8850633480114,ABC Sdn Bhd,4.00,4.00,4.00
SPEEDY CHOPPER-900ML-BLUE-1288-636-z0G5vH2X1R,8850633620169,ABC Sdn Bhd,29.38,29.38,20.34
SPEEDY CHOPPER-900ML-BLUE-1321-636-aDRb9BRStb,8850633987159,ABC Sdn Bhd,13.68,13.68,13.68
SPEEDY CHOPPER-900ML-PINK-1288-636-MPxabqnZtS,8850633983105,ABC Sdn Bhd,4.52,4.52,4.52
SPEEDY CHOPPER-900ML-PINK-1321-636-ZGLPuAWBos,8850633614134,ABC Sdn Bhd,18.24,18.24,18.24
SPRAY MOP-1-1288-636-MCNPy5mzLl,8850633079118,ABC Sdn Bhd,47.74,47.74,27.28
SPRAY MOP-1-1321-636-q1lV5kCJVQ,8850633756190,ABC Sdn Bhd,75.68,75.68,55.04
STANDFAN 16'' 5BLADES-1288-636-0A4fLWeJhb,8850633174141,ABC Sdn Bhd,3114.40,3114.40,3114.40
STANDFAN 16'' 5BLADES-1288-636-Cq0hp56zpu,8850633332140,ABC Sdn Bhd,0.00,0.00,0.00
STANDFAN 16'' 5BLADES-1321-636-5atuasi4zn,8850633839184,ABC Sdn Bhd,150.48,150.48,150.48
STANDFAN 16'' 5BLADES-1321-636-O5EhEzWqXj,8850633859141,ABC Sdn Bhd,2161.44,2161.44,2161.44
STANDFAN 16'' 5BLADES-1321-636-iI07yyIzlP,8850633637102,ABC Sdn Bhd,0.00,0.00,0.00
STANDFAN 16'' 5BLADES-1321-636-lyFpXyaioY,8850633710175,ABC Sdn Bhd,0.00,0.00,0.00
STANDFAN 16'' 5BLADES-1321-636-mC8CG6kYPV,8850633667199,ABC Sdn Bhd,0.00,0.00,0.00
STANDFAN 18'' 5BLADES-1288-636-beMLs81tEq,8850633367129,ABC Sdn Bhd,0.00,0.00,0.00
STANDFAN 18'' 5BLADES-1288-636-fvfDWsbIAD,8850633318127,ABC Sdn Bhd,0.00,0.00,0.00
STANDFAN 18'' 5BLADES-1321-636-6vPHCVQvQb,8850633226135,ABC Sdn Bhd,0.00,0.00,0.00
STANDFAN 18'' 5BLADES-1321-636-DZqddJzbyv,8850633864175,ABC Sdn Bhd,0.00,0.00,0.00
STANDFAN 18'' 5BLADES-1321-636-tFNaxY4YUD,8850633543106,ABC Sdn Bhd,0.00,0.00,0.00
STANDFAN 18'' 5BLADES-1321-636-v4aOx6VCrg,8850633737197,ABC Sdn Bhd,0.00,0.00,0.00
STANDFAN 18'' 5BLADES-1321-636-wCscZiKGMo,8850633289152,ABC Sdn Bhd,0.00,0.00,0.00
STEAM IRON 1500W-BLUE-1288-636-J97jDvITim,8850633393199,ABC Sdn Bhd,63.42,63.42,54.36
STEAM IRON 1500W-BLUE-1321-636-fxrBAMvfFp,8850633486172,ABC Sdn Bhd,36.48,36.48,9.12
STEAM IRON 1500W-RED-1288-636-iQ0lpp8wvS,8850633915154,ABC Sdn Bhd,18.12,18.12,18.12
STEAM IRON 1500W-RED-1321-636-SxFMinabqb,8850633919102,ABC Sdn Bhd,0.00,0.00,0.00
STEAMBOAT GRILL POT-1288-636-aEjjWlD5pm,8850633968160,ABC Sdn Bhd,350.32,350.32,229.52
STEAMBOAT GRILL POT-1321-636-cJDHTRyk03,8850633916153,ABC Sdn Bhd,231.04,231.04,218.88
TOILET BRUSH 2IN1-1288-636-WYncw7OjDg,8850633725177,ABC Sdn Bhd,28.00,28.00,15.68
TOILET BRUSH 2IN1-1321-636-zghyTrsJi4,8850633980166,ABC Sdn Bhd,1.13,1.13,1.13
TOILET BRUSH 3IN1-1288-636-8BXSkVwsqA,8850633453163,ABC Sdn Bhd,99.16,99.16,99.16
TOILET BRUSH 3IN1-1321-636-t5rAVZwFIq,8850633632150,ABC Sdn Bhd,14.85,14.85,14.85
TOILET GEL -BLUE-1288-636-sRgVC2BKhb,8850633694160,ABC Sdn Bhd,0.00,0.00,0.00
TOILET GEL -BLUE-1321-636-C5ViOsNcxk,8850633719154,ABC Sdn Bhd,0.00,0.00,0.00
TOILET GEL -GREEN-1288-636-Zoslni64Vt,8850633172168,ABC Sdn Bhd,0.00,0.00,0.00
TOILET GEL -GREEN-1321-636-eE5vVF7ut1,8850633608122,ABC Sdn Bhd,0.00,0.00,0.00
TOILET GEL -PINK-1288-636-bWAp0BCqjh,8850633436180,ABC Sdn Bhd,0.00,0.00,0.00
TOILET GEL -PINK-1321-636-2HmOatXkK6,8850633440139,ABC Sdn Bhd,0.00,0.00,0.00
TOILET GEL -PURPLE-1288-636-qWzO8oKPhG,8850633840192,ABC Sdn Bhd,0.00,0.00,0.00
TOILET GEL -PURPLE-1321-636-O8XZ2y388G,8850633256102,ABC Sdn Bhd,0.00,0.00,0.00
TOILET GEL -RED-1288-636-HezsEpFvXj,8850633594195,ABC Sdn Bhd,0.00,0.00,0.00
TOILET GEL -RED-1321-636-DZLzOzoeLJ,8850633459197,ABC Sdn Bhd,0.00,0.00,0.00
TOILET GEL -YELLOW-1288-636-yzPPCv8hiV,8850633912198,ABC Sdn Bhd,0.00,0.00,0.00
TOILET GEL -YELLOW-1321-636-IkQQD3l8ij,8850633153153,ABC Sdn Bhd,0.00,0.00,0.00
UMBRELLA-UV-AUTO-BLACK-1288-636-T6WjEOgE3b,8850633674169,ABC Sdn Bhd,24.80,24.80,24.80
UMBRELLA-UV-AUTO-BLACK-1321-636-QhlPjcJZDM,8850633541189,ABC Sdn Bhd,44.82,44.82,44.82
UMBRELLA-UV-AUTO-GREEN-1288-636-C3ohnYBmF6,8850633517114,ABC Sdn Bhd,76.88,76.88,42.16
UMBRELLA-UV-AUTO-GREEN-1321-636-spZIp56jb4,8850633168121,ABC Sdn Bhd,34.86,34.86,34.86
UMBRELLA-UV-AUTO-LIGHT BLUE-1288-636-q1GIkNU4kN,8850633402173,ABC Sdn Bhd,14.88,14.88,14.88
UMBRELLA-UV-AUTO-LIGHT BLUE-1321-636-H4NvBhH402,8850633451180,ABC Sdn Bhd,0.00,0.00,0.00
UMBRELLA-UV-AUTO-NAVY BLUE-1288-636-W4XkBArkAQ,8850633421170,ABC Sdn Bhd,66.96,66.96,66.96
UMBRELLA-UV-AUTO-NAVY BLUE-1321-636-vgI2G0cdRP,8850633230126,ABC Sdn Bhd,14.94,14.94,14.94
UMBRELLA-UV-AUTO-PINK-1288-636-bI1bm5EJ9I,8850633665189,ABC Sdn Bhd,9.92,9.92,9.92
UMBRELLA-UV-AUTO-PINK-1321-636-S7izFPbMDR,8850633118180,ABC Sdn Bhd,4.98,4.98,4.98
UMBRELLA-UV-BLACK-1288-636-w6T5r681aZ,8850633632195,ABC Sdn Bhd,40.82,40.82,15.70
UMBRELLA-UV-BLACK-1321-636-WUsTfoAUwH,8850633857168,ABC Sdn Bhd,18.96,18.96,18.96
UMBRELLA-UV-BROWN-1288-636-0Fi8b5Zd1r,8850633815167,ABC Sdn Bhd,9.42,9.42,9.42
UMBRELLA-UV-BROWN-1321-636-Ox8rpkSHrK,8850633949119,ABC Sdn Bhd,25.28,25.28,25.28
UMBRELLA-UV-DARK BLUE-1288-636-sz2PncrEmY,8850633225142,ABC Sdn Bhd,14.13,14.13,14.13
UMBRELLA-UV-DARK BLUE-1321-636-YqYqN4Ipzz,8850633100168,ABC Sdn Bhd,1.58,1.58,1.58
UMBRELLA-UV-DARK RED-1288-636-H8qpWwn7UK,8850633091131,ABC Sdn Bhd,9.42,9.42,9.42
UMBRELLA-UV-DARK RED-1321-636-8lGT6WUPWY,8850633270191,ABC Sdn Bhd,1.58,1.58,1.58
UMBRELLA-UV-GREEN-1288-636-i5pPZmjhkj,8850633545102,ABC Sdn Bhd,23.55,23.55,23.55
UMBRELLA-UV-GREEN-1321-636-vTZYqiQlLR,8850633611182,ABC Sdn Bhd,25.28,25.28,25.28
UMBRELLA-UV-LIGHT BLUE-1288-636-NwqWDlvcsg,8850633790101,ABC Sdn Bhd,23.55,23.55,23.55
UMBRELLA-UV-LIGHT BLUE-1321-636-rgGn4R2TXz,8850633117104,ABC Sdn Bhd,3.16,3.16,3.16
UMBRELLA-UV-MINT GREEN-1288-636-OTRehkBqTd,8850633840197,ABC Sdn Bhd,54.95,54.95,28.26
UMBRELLA-UV-MINT GREEN-1321-636-A3zrAaUYup,8850633687169,ABC Sdn Bhd,0.00,0.00,0.00
UMBRELLA-UV-NAVY BLUE-1288-636-Zl7hFEhYnR,8850633288123,ABC Sdn Bhd,28.26,28.26,28.26
UMBRELLA-UV-NAVY BLUE-1321-636-8KseZEcQMD,8850633073122,ABC Sdn Bhd,3.16,3.16,1.58
UMBRELLA-UV-ORANGE-1288-636-xuVV19SXnz,8850633019125,ABC Sdn Bhd,21.98,21.98,21.98
UMBRELLA-UV-ORANGE-1321-636-lHMuJV0qO3,8850633292155,ABC Sdn Bhd,6.32,6.32,4.74
UMBRELLA-UV-PINK-1288-636-v6fWE7CKVT,8850633684149,ABC Sdn Bhd,3.14,3.14,3.14
UMBRELLA-UV-PINK-1321-636-x7BjnHGWCZ,8850633816197,ABC Sdn Bhd,7.90,7.90,7.90
UMBRELLA-UV-PURPLE-1288-636-gSsweZH6vV,8850633499117,ABC Sdn Bhd,23.55,23.55,23.55
UMBRELLA-UV-PURPLE-1321-636-qNktSk6Bri,8850633000181,ABC Sdn Bhd,17.38,17.38,17.38
UMBRELLA-UV-ROSE RED-1288-636-hsk0e0CFqu,8850633392199,ABC Sdn Bhd,0.00,0.00,0.00
UMBRELLA-UV-ROSE RED-1321-636-ciFUaNCDHg,8850633030109,ABC Sdn Bhd,0.00,0.00,0.00
WAFFLE MAKER-1288-636-Rvnc9zGSQK,8850633305180,ABC Sdn Bhd,152.32,152.32,152.32
WAFFLE MAKER-1321-636-wiMe4YwS2w,8850633437118,ABC Sdn Bhd,87.52,87.52,87.52
WALL CLOCK-20CM-BLACK-1288-636-8zWXcwfpLa,8850633022175,ABC Sdn Bhd,39.26,39.26,39.26
WALL CLOCK-20CM-BLACK-1321-636-nf19YbYGWG,8850633901157,ABC Sdn Bhd,6.08,6.08,6.08
WALL CLOCK-20CM-WHITE-1288-636-6OMshoekQt,8850633825132,ABC Sdn Bhd,24.16,24.16,24.16
WALL CLOCK-20CM-WHITE-1321-636-jlR8I0oyw1,8850633315164,ABC Sdn Bhd,0.00,0.00,0.00
WALL CLOCK-30CM-BLACK-1288-636-iqT4rjhetm,8850633636151,ABC Sdn Bhd,78.60,78.60,78.60
WALL CLOCK-30CM-BLACK-1321-636-sf9FfX4uQn,8850633827136,ABC Sdn Bhd,43.45,43.45,43.45
WALL CLOCK-30CM-WHITE-1288-636-X1U5S5H7Vz,8850633154197,ABC Sdn Bhd,15.72,15.72,15.72
WALL CLOCK-30CM-WHITE-1321-636-tuL7AoNlqO,8850633809192,ABC Sdn Bhd,0.00,0.00,0.00
WET TISSUE-1288-636-PPdhaJPkmr,8850633008111,ABC Sdn Bhd,18.40,18.40,13.80
WET TISSUE-1288-636-QBHiQAtU8a,8850633779154,ABC Sdn Bhd,0.00,0.00,0.00
WET TISSUE-1321-636-YxQJcR4kNb,8850633168161,ABC Sdn Bhd,5.80,5.80,5.80
WET TISSUE-1321-636-iNMCJERBZG,8850633491135,ABC Sdn Bhd,6.00,6.00,6.00
WINDBLOW DUFFEL BAG-BLACK-1288-636-UMX5Nh7ufv,8850633610181,ABC Sdn Bhd,3.51,3.51,3.51
WINDBLOW DUFFEL BAG-BLACK-1321-636-kk0eyrRjbB,8850633304137,ABC Sdn Bhd,0.00,0.00,0.00
WINDBLOW DUFFEL BAG-BLUE-1288-636-SrDaEOYw0Q,8850633591192,ABC Sdn Bhd,161.46,161.46,85.41
WINDBLOW DUFFEL BAG-BLUE-1321-636-0KRgLmkJIo,8850633585114,ABC Sdn Bhd,18.88,18.88,16.52
WINDBLOW DUFFEL BAG-NAVY BLUE-1288-636-xVf8uGvfbR,8850633364152,ABC Sdn Bhd,33.93,33.93,33.93
WINDBLOW DUFFEL BAG-NAVY BLUE-1321-636-ehdvYjXdIE,8850633414189,ABC Sdn Bhd,0.00,0.00,0.00
WINDBLOW DUFFEL BAG-PINK-1288-636-bEvOUJfPEx,8850633858112,ABC Sdn Bhd,53.82,53.82,53.82
WINDBLOW DUFFEL BAG-PINK-1321-636-pmf3b6VvAc,8850633617168,ABC Sdn Bhd,38.94,38.94,25.96
WINDBLOW DUFFEL BAG-RED-1288-636-wKUa2iGDhI,8850633613151,ABC Sdn Bhd,5.85,5.85,5.85
WINDBLOW DUFFEL BAG-RED-1321-636-tlGkpKhCgU,8850633107138,ABC Sdn Bhd,0.00,0.00,0.00
Weight Scale Black-1288-636-d2vX5QsZe3,8850633548115,ABC Sdn Bhd,0.00,0.00,0.00
Weight Scale Black-1321-636-cQQwm5fJZc,8850633168199,ABC Sdn Bhd,0.00,0.00,0.00
Weight Scale Gold-1288-636-LAH77G8aBi,8850633612197,ABC Sdn Bhd,0.00,0.00,0.00
Weight Scale Gold-1321-636-mNflgU7Jng,8850633515149,ABC Sdn Bhd,0.00,0.00,0.00
Weight Scale Pink-1288-636-5mFGep8zYY,8850633668169,ABC Sdn Bhd,0.00,0.00,0.00
Weight Scale Pink-1321-636-nbPKAWqSXx,8850633824121,ABC Sdn Bhd,0.00,0.00,0.00
Weight Scale White-1288-636-z1CzxSccIZ,8850633331134,ABC Sdn Bhd,0.00,0.00,0.00
Weight Scale White-1321-636-7hWsbswPYK,8850633858144,ABC Sdn Bhd,0.00,0.00,0.00
